[2026-05-30 08:43:58,942: INFO/ForkPoolWorker-2] HTTP Request: POST https://openrouter.ai/api/v1/chat/completions "HTTP/1.1 402 Payment Required"
[2026-05-30 08:43:58,997: INFO/ForkPoolWorker-4] HTTP Request: POST https://integrate.api.nvidia.com/v1/chat/completions "HTTP/1.1 404 Not Found"
[2026-05-30 08:43:59,042: INFO/ForkPoolWorker-2] HTTP Request: POST https://openrouter.ai/api/v1/chat/completions "HTTP/1.1 402 Payment Required"
[2026-05-30 08:43:59,081: INFO/ForkPoolWorker-4] HTTP Request: POST https://openrouter.ai/api/v1/chat/completions "HTTP/1.1 400 Bad Request"
[2026-05-30 08:43:59,184: INFO/ForkPoolWorker-2] HTTP Request: POST https://integrate.api.nvidia.com/v1/chat/completions "HTTP/1.1 404 Not Found"
[2026-05-30 08:43:59,267: INFO/ForkPoolWorker-4] HTTP Request: POST https://integrate.api.nvidia.com/v1/chat/completions "HTTP/1.1 404 Not Found"
[2026-05-30 08:43:59,353: INFO/ForkPoolWorker-4] HTTP Request: POST https://openrouter.ai/api/v1/chat/completions "HTTP/1.1 400 Bad Request"
[2026-05-30 08:43:59,447: INFO/ForkPoolWorker-2] HTTP Request: POST https://openrouter.ai/api/v1/chat/completions "HTTP/1.1 400 Bad Request"
[2026-05-30 08:43:59,521: INFO/ForkPoolWorker-4] HTTP Request: POST https://integrate.api.nvidia.com/v1/chat/completions "HTTP/1.1 404 Not Found"
[2026-05-30 08:43:59,593: INFO/ForkPoolWorker-2] HTTP Request: POST https://integrate.api.nvidia.com/v1/chat/completions "HTTP/1.1 404 Not Found"
[2026-05-30 08:43:59,665: INFO/ForkPoolWorker-4] HTTP Request: POST https://integrate.api.nvidia.com/v1/chat/completions "HTTP/1.1 404 Not Found"
[2026-05-30 08:43:59,669: INFO/ForkPoolWorker-2] HTTP Request: POST https://openrouter.ai/api/v1/chat/completions "HTTP/1.1 400 Bad Request"
[2026-05-30 08:43:59,761: INFO/ForkPoolWorker-4] Enqueued ranking for build ckpt_fd624566 (task=060d3097-b494-4a7b-b541-3dbc02b6018f)
[2026-05-30 08:43:59,764: INFO/ForkPoolWorker-4] Task worker.tasks.run_stage[adb3d12f-0cde-4b2d-89a5-68418bd23796] succeeded in 1213.4426399060758s: {'status': 'ok', 'stage': 'reviewing', 'build_id': 'ckpt_fd624566', 'progress': {'status': 'running', 'pipeline_status': 'reviewing', 'phase': 'app_review', 'message': 'App Reviewers: Evaluating final products...', 'percent': 55.0, 'timestamp': '2026-05-30T13:43:59.668101+00:00', 'resume_phase': 'app_review', 'can_resume': True}}
[2026-05-30 08:43:59,770: INFO/MainProcess] Task worker.tasks.run_stage[082e56ce-434c-4bcf-9121-7c9043ad7734] received
[2026-05-30 08:43:59,773: INFO/ForkPoolWorker-4] Running stage planning for build recover_07623a53 (task=082e56ce-434c-4bcf-9121-7c9043ad7734)
[2026-05-30 08:43:59,777: INFO/ForkPoolWorker-4] Stage planning already done for recover_07623a53
[2026-05-30 08:43:59,803: INFO/ForkPoolWorker-4] Enqueued planning for build recover_07623a53 (task=eee5f65d-9033-4c4d-a2b0-e5f7b5e99c4d)
[2026-05-30 08:43:59,804: INFO/ForkPoolWorker-4] Build recover_07623a53 stage planning skipped (already done)
[2026-05-30 08:43:59,805: INFO/ForkPoolWorker-4] Task worker.tasks.run_stage[082e56ce-434c-4bcf-9121-7c9043ad7734] succeeded in 0.033084915950894356s: {'status': 'ok', 'skipped': True, 'reason': 'already_done', 'stage': 'planning', 'build_id': 'recover_07623a53'}
[2026-05-30 08:43:59,808: INFO/MainProcess] Task worker.tasks.run_stage[f64dc4d2-c76b-40df-b891-b32d5febcf64] received
[2026-05-30 08:43:59,810: INFO/ForkPoolWorker-2] HTTP Request: POST https://integrate.api.nvidia.com/v1/chat/completions "HTTP/1.1 404 Not Found"
[2026-05-30 08:43:59,812: INFO/ForkPoolWorker-4] Running stage reviewing for build inc_a8a4dd38 (task=f64dc4d2-c76b-40df-b891-b32d5febcf64)
[2026-05-30 08:43:59,931: INFO/ForkPoolWorker-4] Ignoring late exception for terminal stage/build inc_a8a4dd38/reviewing
[2026-05-30 08:43:59,931: INFO/ForkPoolWorker-4] Build inc_a8a4dd38 stage reviewing skipped (already done)
[2026-05-30 08:43:59,932: INFO/ForkPoolWorker-4] Task worker.tasks.run_stage[f64dc4d2-c76b-40df-b891-b32d5febcf64] succeeded in 0.12311833398416638s: {'status': 'ok', 'skipped': True, 'reason': 'already_done', 'stage': 'reviewing', 'build_id': 'inc_a8a4dd38'}
[2026-05-30 08:43:59,935: INFO/MainProcess] Task worker.tasks.run_stage[3381d31d-c517-44ce-a07b-23e4654f80d1] received
[2026-05-30 08:43:59,937: INFO/ForkPoolWorker-4] Running stage builder for build stress_plan_d77b8837 (task=3381d31d-c517-44ce-a07b-23e4654f80d1)
[2026-05-30 08:43:59,953: INFO/ForkPoolWorker-2] HTTP Request: POST https://integrate.api.nvidia.com/v1/chat/completions "HTTP/1.1 404 Not Found"
[2026-05-30 08:44:00,030: INFO/ForkPoolWorker-2] Enqueued ranking for build lock_9c0d4577 (task=d5effb8c-81c6-4b0a-856e-f852e96589b0)
[2026-05-30 08:44:00,033: INFO/ForkPoolWorker-2] Task worker.tasks.run_stage[31c3eb67-6637-49e5-ae88-b8ca3f65520b] succeeded in 1213.7781905699521s: {'status': 'ok', 'stage': 'reviewing', 'build_id': 'lock_9c0d4577', 'progress': {'status': 'running', 'pipeline_status': 'reviewing', 'phase': 'app_review', 'message': 'App Reviewers: Evaluating final products...', 'percent': 55.0, 'timestamp': '2026-05-30T13:43:59.957841+00:00', 'resume_phase': 'app_review', 'can_resume': True}}
[2026-05-30 08:44:00,036: INFO/MainProcess] Task worker.tasks.run_stage[1155da81-11e4-4235-b3da-5dceca474af1] received
[2026-05-30 08:44:00,039: INFO/ForkPoolWorker-2] Running stage novelty for build pipeline_25ab3bb4 (task=1155da81-11e4-4235-b3da-5dceca474af1)
[2026-05-30 08:44:00,049: INFO/ForkPoolWorker-2] Stage novelty already done for pipeline_25ab3bb4
[2026-05-30 08:44:00,087: INFO/ForkPoolWorker-2] Dispatch dedup: skip duplicate novelty for build pipeline_25ab3bb4
[2026-05-30 08:44:00,088: INFO/ForkPoolWorker-2] Build pipeline_25ab3bb4 stage novelty skipped (already done)
[2026-05-30 08:44:00,089: INFO/ForkPoolWorker-2] Task worker.tasks.run_stage[1155da81-11e4-4235-b3da-5dceca474af1] succeeded in 0.05165380600374192s: {'status': 'ok', 'skipped': True, 'reason': 'already_done', 'stage': 'novelty', 'build_id': 'pipeline_25ab3bb4'}
[2026-05-30 08:44:00,092: INFO/MainProcess] Task worker.tasks.run_stage[e984f6a5-8335-4e12-9649-86ad06512e6a] received
[2026-05-30 08:44:00,094: INFO/ForkPoolWorker-2] Running stage planning for build late_f43da1bd (task=e984f6a5-8335-4e12-9649-86ad06512e6a)
[2026-05-30 08:44:00,096: INFO/ForkPoolWorker-2] Stage planning already done for late_f43da1bd
[2026-05-30 08:44:00,120: INFO/ForkPoolWorker-4] Ignoring late exception for terminal stage/build stress_plan_d77b8837/builder
[2026-05-30 08:44:00,121: WARNING/ForkPoolWorker-4] /usr/lib/python3.14/asyncio/base_events.py:2058: RuntimeWarning: coroutine 'CreativeBuilder.build' was never awaited
  handle = None  # Needed to break cycles when an exception occurs.

[2026-05-30 08:44:00,121: INFO/ForkPoolWorker-4] Build stress_plan_d77b8837 stage builder skipped (already done)
[2026-05-30 08:44:00,123: INFO/ForkPoolWorker-4] Task worker.tasks.run_stage[3381d31d-c517-44ce-a07b-23e4654f80d1] succeeded in 0.1865997490240261s: {'status': 'ok', 'skipped': True, 'reason': 'already_done', 'stage': 'builder', 'build_id': 'stress_plan_d77b8837'}
[2026-05-30 08:44:00,125: INFO/MainProcess] Task worker.tasks.run_stage[9811c06e-8569-4cf8-b043-299a9ff8139e] received
[2026-05-30 08:44:00,127: INFO/ForkPoolWorker-4] Running stage reviewing for build ckpt_4ed55f60 (task=9811c06e-8569-4cf8-b043-299a9ff8139e)
[2026-05-30 08:44:00,206: INFO/ForkPoolWorker-2] Enqueued planning for build late_f43da1bd (task=eaa089e7-5faa-462c-b70e-275496e9fa65)
[2026-05-30 08:44:00,206: INFO/ForkPoolWorker-2] Build late_f43da1bd stage planning skipped (already done)
[2026-05-30 08:44:00,207: INFO/ForkPoolWorker-2] Task worker.tasks.run_stage[e984f6a5-8335-4e12-9649-86ad06512e6a] succeeded in 0.11442024598363787s: {'status': 'ok', 'skipped': True, 'reason': 'already_done', 'stage': 'planning', 'build_id': 'late_f43da1bd'}
[2026-05-30 08:44:00,210: INFO/MainProcess] Task worker.tasks.run_stage[3e96713c-4595-4d14-a197-c83937ced1a7] received
[2026-05-30 08:44:00,211: INFO/ForkPoolWorker-2] Running stage builder for build stress_plan_b9ca7c4e (task=3e96713c-4595-4d14-a197-c83937ced1a7)
[2026-05-30 08:44:00,217: INFO/ForkPoolWorker-4] Ignoring late exception for terminal stage/build ckpt_4ed55f60/reviewing
[2026-05-30 08:44:00,218: INFO/ForkPoolWorker-4] Build ckpt_4ed55f60 stage reviewing skipped (already done)
[2026-05-30 08:44:00,221: INFO/ForkPoolWorker-4] Task worker.tasks.run_stage[9811c06e-8569-4cf8-b043-299a9ff8139e] succeeded in 0.09466976299881935s: {'status': 'ok', 'skipped': True, 'reason': 'already_done', 'stage': 'reviewing', 'build_id': 'ckpt_4ed55f60'}
[2026-05-30 08:44:00,225: INFO/MainProcess] Task worker.tasks.run_stage[94fe2162-7e57-42be-8537-251698a3cad6] received
[2026-05-30 08:44:00,227: INFO/ForkPoolWorker-4] Running stage novelty for build pipeline_ceee3f46 (task=94fe2162-7e57-42be-8537-251698a3cad6)
[2026-05-30 08:44:00,233: INFO/ForkPoolWorker-4] Stage novelty already done for pipeline_ceee3f46
[2026-05-30 08:44:00,265: INFO/ForkPoolWorker-4] Dispatch dedup: skip duplicate novelty for build pipeline_ceee3f46
[2026-05-30 08:44:00,265: INFO/ForkPoolWorker-4] Build pipeline_ceee3f46 stage novelty skipped (already done)
[2026-05-30 08:44:00,266: INFO/ForkPoolWorker-4] Task worker.tasks.run_stage[94fe2162-7e57-42be-8537-251698a3cad6] succeeded in 0.04051850992254913s: {'status': 'ok', 'skipped': True, 'reason': 'already_done', 'stage': 'novelty', 'build_id': 'pipeline_ceee3f46'}
[2026-05-30 08:44:00,269: INFO/MainProcess] Task worker.tasks.run_stage[c9585653-b733-40d8-9beb-f6019e11a02d] received
[2026-05-30 08:44:00,271: INFO/ForkPoolWorker-4] Running stage planning for build pipeline_7cd99253 (task=c9585653-b733-40d8-9beb-f6019e11a02d)
[2026-05-30 08:44:00,280: INFO/ForkPoolWorker-4] Stage planning already done for pipeline_7cd99253
[2026-05-30 08:44:00,335: INFO/ForkPoolWorker-2] Ignoring late exception for terminal stage/build stress_plan_b9ca7c4e/builder
[2026-05-30 08:44:00,336: WARNING/ForkPoolWorker-2] /usr/lib/python3.14/asyncio/base_events.py:2058: RuntimeWarning: coroutine 'CreativeBuilder.build' was never awaited
  handle = None  # Needed to break cycles when an exception occurs.

[2026-05-30 08:44:00,336: INFO/ForkPoolWorker-2] Build stress_plan_b9ca7c4e stage builder skipped (already done)
[2026-05-30 08:44:00,338: INFO/ForkPoolWorker-2] Task worker.tasks.run_stage[3e96713c-4595-4d14-a197-c83937ced1a7] succeeded in 0.1276560890255496s: {'status': 'ok', 'skipped': True, 'reason': 'already_done', 'stage': 'builder', 'build_id': 'stress_plan_b9ca7c4e'}
[2026-05-30 08:44:00,341: INFO/MainProcess] Task worker.tasks.run_stage[e3265550-7739-49e8-949e-0734d956a409] received
[2026-05-30 08:44:00,343: INFO/ForkPoolWorker-2] Running stage reviewing for build skip_34b2935e (task=e3265550-7739-49e8-949e-0734d956a409)
[2026-05-30 08:44:00,366: INFO/ForkPoolWorker-4] Enqueued planning for build pipeline_7cd99253 (task=91dcfb24-6f92-4250-85e0-d2774558352f)
[2026-05-30 08:44:00,366: INFO/ForkPoolWorker-4] Build pipeline_7cd99253 stage planning skipped (already done)
[2026-05-30 08:44:00,368: INFO/ForkPoolWorker-4] Task worker.tasks.run_stage[c9585653-b733-40d8-9beb-f6019e11a02d] succeeded in 0.0977449209894985s: {'status': 'ok', 'skipped': True, 'reason': 'already_done', 'stage': 'planning', 'build_id': 'pipeline_7cd99253'}
[2026-05-30 08:44:00,371: INFO/MainProcess] Task worker.tasks.run_stage[fa30e658-34b1-4563-a990-45f62dca919c] received
[2026-05-30 08:44:00,375: INFO/ForkPoolWorker-4] Running stage builder for build stress_plan_12c871d1 (task=fa30e658-34b1-4563-a990-45f62dca919c)
[2026-05-30 08:44:00,458: INFO/ForkPoolWorker-4] Ignoring late exception for terminal stage/build stress_plan_12c871d1/builder
[2026-05-30 08:44:00,459: INFO/ForkPoolWorker-4] Build stress_plan_12c871d1 stage builder skipped (already done)
[2026-05-30 08:44:00,461: INFO/ForkPoolWorker-4] Task worker.tasks.run_stage[fa30e658-34b1-4563-a990-45f62dca919c] succeeded in 0.08877594699151814s: {'status': 'ok', 'skipped': True, 'reason': 'already_done', 'stage': 'builder', 'build_id': 'stress_plan_12c871d1'}
[2026-05-30 08:44:00,464: INFO/MainProcess] Task worker.tasks.run_stage[6aa7cb1f-f6b3-4379-9196-fb1ec94c664a] received
[2026-05-30 08:44:00,466: INFO/ForkPoolWorker-4] Running stage novelty for build pipeline_eb9093bf (task=6aa7cb1f-f6b3-4379-9196-fb1ec94c664a)
[2026-05-30 08:44:00,478: INFO/ForkPoolWorker-4] Stage novelty already done for pipeline_eb9093bf
[2026-05-30 08:44:00,523: INFO/ForkPoolWorker-4] Dispatch dedup: skip duplicate novelty for build pipeline_eb9093bf
[2026-05-30 08:44:00,523: INFO/ForkPoolWorker-4] Build pipeline_eb9093bf stage novelty skipped (already done)
[2026-05-30 08:44:00,525: INFO/ForkPoolWorker-4] Task worker.tasks.run_stage[6aa7cb1f-f6b3-4379-9196-fb1ec94c664a] succeeded in 0.06000953109469265s: {'status': 'ok', 'skipped': True, 'reason': 'already_done', 'stage': 'novelty', 'build_id': 'pipeline_eb9093bf'}
[2026-05-30 08:44:00,530: INFO/MainProcess] Task worker.tasks.run_stage[05e128cc-53e2-4153-acf7-bd135734ddec] received
[2026-05-30 08:44:00,533: INFO/ForkPoolWorker-4] Running stage planning for build pipeline_469f225f (task=05e128cc-53e2-4153-acf7-bd135734ddec)
[2026-05-30 08:44:00,543: INFO/ForkPoolWorker-4] Stage planning already done for pipeline_469f225f
[2026-05-30 08:44:00,566: INFO/ForkPoolWorker-2] Ignoring late exception for terminal stage/build skip_34b2935e/reviewing
[2026-05-30 08:44:00,566: INFO/ForkPoolWorker-2] Build skip_34b2935e stage reviewing skipped (already done)
[2026-05-30 08:44:00,571: INFO/ForkPoolWorker-2] Task worker.tasks.run_stage[e3265550-7739-49e8-949e-0734d956a409] succeeded in 0.22943613503593951s: {'status': 'ok', 'skipped': True, 'reason': 'already_done', 'stage': 'reviewing', 'build_id': 'skip_34b2935e'}
[2026-05-30 08:44:00,575: INFO/MainProcess] Task worker.tasks.run_stage[6b79c81c-d564-435c-8344-bda399570ffb] received
[2026-05-30 08:44:00,578: INFO/ForkPoolWorker-2] Running stage reviewing for build pipeline_25718004 (task=6b79c81c-d564-435c-8344-bda399570ffb)
[2026-05-30 08:44:00,595: INFO/ForkPoolWorker-4] Enqueued planning for build pipeline_469f225f (task=da83c84b-6f9e-4ff7-8c2e-b2ebd7e11565)
[2026-05-30 08:44:00,596: INFO/ForkPoolWorker-4] Build pipeline_469f225f stage planning skipped (already done)
[2026-05-30 08:44:00,597: INFO/ForkPoolWorker-4] Task worker.tasks.run_stage[05e128cc-53e2-4153-acf7-bd135734ddec] succeeded in 0.06533884396776557s: {'status': 'ok', 'skipped': True, 'reason': 'already_done', 'stage': 'planning', 'build_id': 'pipeline_469f225f'}
[2026-05-30 08:44:00,601: INFO/MainProcess] Task worker.tasks.run_stage[2bb96948-eff8-4ec7-9f8d-0765db511948] received
[2026-05-30 08:44:00,606: INFO/ForkPoolWorker-4] Running stage builder for build stress_plan_8537ac86 (task=2bb96948-eff8-4ec7-9f8d-0765db511948)
[2026-05-30 08:44:00,715: INFO/ForkPoolWorker-2] Ignoring late exception for terminal stage/build pipeline_25718004/reviewing
[2026-05-30 08:44:00,716: INFO/ForkPoolWorker-2] Build pipeline_25718004 stage reviewing skipped (already done)
[2026-05-30 08:44:00,717: INFO/ForkPoolWorker-2] Task worker.tasks.run_stage[6b79c81c-d564-435c-8344-bda399570ffb] succeeded in 0.14047112199477851s: {'status': 'ok', 'skipped': True, 'reason': 'already_done', 'stage': 'reviewing', 'build_id': 'pipeline_25718004'}
[2026-05-30 08:44:00,723: INFO/MainProcess] Task worker.tasks.run_stage[8b0b1604-172a-4df7-910e-32877e2c7f91] received
[2026-05-30 08:44:00,726: INFO/ForkPoolWorker-2] Running stage novelty for build pipeline_99ea9dec (task=8b0b1604-172a-4df7-910e-32877e2c7f91)
[2026-05-30 08:44:00,736: INFO/ForkPoolWorker-2] Stage novelty already done for pipeline_99ea9dec
[2026-05-30 08:44:00,786: INFO/ForkPoolWorker-2] Dispatch dedup: skip duplicate novelty for build pipeline_99ea9dec
[2026-05-30 08:44:00,787: INFO/ForkPoolWorker-2] Build pipeline_99ea9dec stage novelty skipped (already done)
[2026-05-30 08:44:00,790: INFO/ForkPoolWorker-2] Task worker.tasks.run_stage[8b0b1604-172a-4df7-910e-32877e2c7f91] succeeded in 0.06653516099322587s: {'status': 'ok', 'skipped': True, 'reason': 'already_done', 'stage': 'novelty', 'build_id': 'pipeline_99ea9dec'}
[2026-05-30 08:44:00,796: INFO/MainProcess] Task worker.tasks.run_stage[acca2dd3-8d51-423a-be6d-ce8d7059fea9] received
[2026-05-30 08:44:00,801: INFO/ForkPoolWorker-2] Running stage planning for build pipeline_c933ccdd (task=acca2dd3-8d51-423a-be6d-ce8d7059fea9)
[2026-05-30 08:44:00,805: INFO/ForkPoolWorker-2] Stage planning already done for pipeline_c933ccdd
[2026-05-30 08:44:00,841: INFO/ForkPoolWorker-4] Ignoring late exception for terminal stage/build stress_plan_8537ac86/builder
[2026-05-30 08:44:00,843: INFO/ForkPoolWorker-4] Build stress_plan_8537ac86 stage builder skipped (already done)
[2026-05-30 08:44:00,846: INFO/ForkPoolWorker-4] Task worker.tasks.run_stage[2bb96948-eff8-4ec7-9f8d-0765db511948] succeeded in 0.24388145399279892s: {'status': 'ok', 'skipped': True, 'reason': 'already_done', 'stage': 'builder', 'build_id': 'stress_plan_8537ac86'}
[2026-05-30 08:44:00,855: INFO/MainProcess] Task worker.tasks.run_stage[a083eb9e-46f4-4940-b12f-1f021d74d78a] received
[2026-05-30 08:44:00,862: INFO/ForkPoolWorker-4] Running stage reviewing for build fallback_920daa18 (task=a083eb9e-46f4-4940-b12f-1f021d74d78a)
[2026-05-30 08:44:00,903: INFO/ForkPoolWorker-2] Enqueued planning for build pipeline_c933ccdd (task=03dc3377-555a-4dc1-9062-1bb3b2a01db9)
[2026-05-30 08:44:00,904: INFO/ForkPoolWorker-2] Build pipeline_c933ccdd stage planning skipped (already done)
[2026-05-30 08:44:00,908: INFO/ForkPoolWorker-2] Task worker.tasks.run_stage[acca2dd3-8d51-423a-be6d-ce8d7059fea9] succeeded in 0.10998449800536036s: {'status': 'ok', 'skipped': True, 'reason': 'already_done', 'stage': 'planning', 'build_id': 'pipeline_c933ccdd'}
[2026-05-30 08:44:00,912: INFO/MainProcess] Task worker.tasks.run_stage[588deb9a-af5e-4ae2-b343-e95e9b5bace0] received
[2026-05-30 08:44:00,915: INFO/ForkPoolWorker-2] Running stage builder for build stress_plan_e49f82e1 (task=588deb9a-af5e-4ae2-b343-e95e9b5bace0)
[2026-05-30 08:44:01,122: INFO/ForkPoolWorker-2] Ignoring late exception for terminal stage/build stress_plan_e49f82e1/builder
[2026-05-30 08:44:01,123: INFO/ForkPoolWorker-2] Build stress_plan_e49f82e1 stage builder skipped (already done)
[2026-05-30 08:44:01,124: INFO/ForkPoolWorker-2] Task worker.tasks.run_stage[588deb9a-af5e-4ae2-b343-e95e9b5bace0] succeeded in 0.21101589896716177s: {'status': 'ok', 'skipped': True, 'reason': 'already_done', 'stage': 'builder', 'build_id': 'stress_plan_e49f82e1'}
[2026-05-30 08:44:01,127: INFO/MainProcess] Task worker.tasks.run_stage[8bc970e7-16aa-45ad-96bf-0c819a0a1e47] received
[2026-05-30 08:44:01,130: INFO/ForkPoolWorker-2] Running stage novelty for build pipeline_3b2f9d89 (task=8bc970e7-16aa-45ad-96bf-0c819a0a1e47)
[2026-05-30 08:44:01,137: INFO/ForkPoolWorker-2] Stage novelty already done for pipeline_3b2f9d89
[2026-05-30 08:44:01,160: INFO/ForkPoolWorker-2] Dispatch dedup: skip duplicate novelty for build pipeline_3b2f9d89
[2026-05-30 08:44:01,161: INFO/ForkPoolWorker-2] Build pipeline_3b2f9d89 stage novelty skipped (already done)
[2026-05-30 08:44:01,162: INFO/ForkPoolWorker-2] Task worker.tasks.run_stage[8bc970e7-16aa-45ad-96bf-0c819a0a1e47] succeeded in 0.03423187893349677s: {'status': 'ok', 'skipped': True, 'reason': 'already_done', 'stage': 'novelty', 'build_id': 'pipeline_3b2f9d89'}
[2026-05-30 08:44:01,165: INFO/MainProcess] Task worker.tasks.run_stage[3df35d3f-46e1-4652-8f66-c33e54813b96] received
[2026-05-30 08:44:01,167: INFO/ForkPoolWorker-2] Running stage planning for build pipeline_220eecd4 (task=3df35d3f-46e1-4652-8f66-c33e54813b96)
[2026-05-30 08:44:01,173: INFO/ForkPoolWorker-2] Stage planning already done for pipeline_220eecd4
[2026-05-30 08:44:01,208: INFO/ForkPoolWorker-2] Enqueued planning for build pipeline_220eecd4 (task=88b6dbc7-fd20-492a-b3f7-d8c332bb30a9)
[2026-05-30 08:44:01,210: INFO/ForkPoolWorker-2] Build pipeline_220eecd4 stage planning skipped (already done)
[2026-05-30 08:44:01,212: INFO/ForkPoolWorker-2] Task worker.tasks.run_stage[3df35d3f-46e1-4652-8f66-c33e54813b96] succeeded in 0.046028008102439344s: {'status': 'ok', 'skipped': True, 'reason': 'already_done', 'stage': 'planning', 'build_id': 'pipeline_220eecd4'}
[2026-05-30 08:44:01,217: INFO/MainProcess] Task worker.tasks.run_stage[6768ee2e-75a8-4b01-bfb9-10c71ae49d22] received
[2026-05-30 08:44:01,219: INFO/ForkPoolWorker-4] HTTP Request: POST https://openrouter.ai/api/v1/chat/completions "HTTP/1.1 429 Too Many Requests"
[2026-05-30 08:44:01,222: INFO/ForkPoolWorker-2] Running stage reviewing for build skip_6aec710a (task=6768ee2e-75a8-4b01-bfb9-10c71ae49d22)
[2026-05-30 08:44:01,486: INFO/ForkPoolWorker-2] HTTP Request: POST https://openrouter.ai/api/v1/chat/completions "HTTP/1.1 429 Too Many Requests"
[2026-05-30 08:44:11,015: INFO/ForkPoolWorker-1] HTTP Request: POST https://integrate.api.nvidia.com/v1/chat/completions "HTTP/1.1 200 OK"
[2026-05-30 08:44:28,787: INFO/ForkPoolWorker-2] HTTP Request: POST https://openrouter.ai/api/v1/chat/completions "HTTP/1.1 429 Too Many Requests"
[2026-05-30 08:44:29,338: INFO/ForkPoolWorker-3] HTTP Request: POST https://openrouter.ai/api/v1/chat/completions "HTTP/1.1 429 Too Many Requests"
[2026-05-30 08:44:29,372: INFO/ForkPoolWorker-4] HTTP Request: POST https://openrouter.ai/api/v1/chat/completions "HTTP/1.1 429 Too Many Requests"
[2026-05-30 08:44:29,549: INFO/ForkPoolWorker-3] HTTP Request: POST https://openrouter.ai/api/v1/chat/completions "HTTP/1.1 402 Payment Required"
[2026-05-30 08:44:29,660: INFO/ForkPoolWorker-3] HTTP Request: POST https://openrouter.ai/api/v1/chat/completions "HTTP/1.1 402 Payment Required"
[2026-05-30 08:44:29,817: INFO/ForkPoolWorker-3] HTTP Request: POST https://integrate.api.nvidia.com/v1/chat/completions "HTTP/1.1 404 Not Found"
[2026-05-30 08:44:29,905: INFO/ForkPoolWorker-3] HTTP Request: POST https://openrouter.ai/api/v1/chat/completions "HTTP/1.1 400 Bad Request"
[2026-05-30 08:44:30,091: INFO/ForkPoolWorker-3] HTTP Request: POST https://integrate.api.nvidia.com/v1/chat/completions "HTTP/1.1 404 Not Found"
[2026-05-30 08:44:30,182: INFO/ForkPoolWorker-3] HTTP Request: POST https://openrouter.ai/api/v1/chat/completions "HTTP/1.1 400 Bad Request"
[2026-05-30 08:44:30,361: INFO/ForkPoolWorker-3] HTTP Request: POST https://integrate.api.nvidia.com/v1/chat/completions "HTTP/1.1 404 Not Found"
[2026-05-30 08:44:30,537: INFO/ForkPoolWorker-3] HTTP Request: POST https://integrate.api.nvidia.com/v1/chat/completions "HTTP/1.1 404 Not Found"
[2026-05-30 08:44:30,630: INFO/ForkPoolWorker-3] Enqueued ranking for build inc_c5790468 (task=274604e4-aec7-44b5-8197-7e05d638e74e)
[2026-05-30 08:44:30,633: INFO/ForkPoolWorker-3] Task worker.tasks.run_stage[3b93eaa0-e571-43bc-9cc5-b13d91ce283d] succeeded in 1244.461400736007s: {'status': 'ok', 'stage': 'reviewing', 'build_id': 'inc_c5790468', 'progress': {'status': 'running', 'pipeline_status': 'reviewing', 'phase': 'app_review', 'message': 'App Reviewers: Evaluating final products...', 'percent': 55.0, 'timestamp': '2026-05-30T13:44:30.540990+00:00', 'resume_phase': 'app_review', 'can_resume': True}}
[2026-05-30 08:44:30,636: INFO/MainProcess] Task worker.tasks.run_stage[ed4bf409-f9eb-4b8b-93f8-aa835b6b3198] received
[2026-05-30 08:44:30,638: INFO/ForkPoolWorker-3] Running stage builder for build stress_plan_c7c5a2ec (task=ed4bf409-f9eb-4b8b-93f8-aa835b6b3198)
[2026-05-30 08:44:30,794: INFO/ForkPoolWorker-3] Ignoring late exception for terminal stage/build stress_plan_c7c5a2ec/builder
[2026-05-30 08:44:30,795: WARNING/ForkPoolWorker-3] /usr/lib/python3.14/asyncio/base_events.py:2058: RuntimeWarning: coroutine 'CreativeBuilder.build' was never awaited
  handle = None  # Needed to break cycles when an exception occurs.

[2026-05-30 08:44:30,796: INFO/ForkPoolWorker-3] Build stress_plan_c7c5a2ec stage builder skipped (already done)
[2026-05-30 08:44:30,797: INFO/ForkPoolWorker-3] Task worker.tasks.run_stage[ed4bf409-f9eb-4b8b-93f8-aa835b6b3198] succeeded in 0.16033597092609853s: {'status': 'ok', 'skipped': True, 'reason': 'already_done', 'stage': 'builder', 'build_id': 'stress_plan_c7c5a2ec'}
[2026-05-30 08:44:30,799: INFO/MainProcess] Task worker.tasks.run_stage[060d3097-b494-4a7b-b541-3dbc02b6018f] received
[2026-05-30 08:44:30,801: INFO/ForkPoolWorker-3] Running stage ranking for build ckpt_fd624566 (task=060d3097-b494-4a7b-b541-3dbc02b6018f)
[2026-05-30 08:44:35,712: INFO/ForkPoolWorker-1] HTTP Request: POST https://integrate.api.nvidia.com/v1/chat/completions "HTTP/1.1 200 OK"
[2026-05-30 08:44:35,851: INFO/ForkPoolWorker-1] Enqueued novelty for build skip_707b45f5 (task=3570d41f-18b2-4b6e-a34c-b0438874b53b)
[2026-05-30 08:44:35,853: INFO/ForkPoolWorker-1] Task worker.tasks.run_stage[e5bbc725-a49f-4c03-a8cd-fe625fbfa1f5] succeeded in 50.7831946790684s: {'status': 'ok', 'stage': 'ranking', 'build_id': 'skip_707b45f5', 'progress': {'status': 'running', 'pipeline_status': 'ranking', 'phase': 'ranker', 'message': 'Ranker: Scoring all builds...', 'percent': 70.0, 'timestamp': '2026-05-30T13:44:35.764322+00:00', 'resume_phase': 'ranker', 'can_resume': True}}
[2026-05-30 08:44:35,855: INFO/MainProcess] Task worker.tasks.run_stage[b4d8b58e-3056-4e4d-b349-52285e0853e2] received
[2026-05-30 08:44:35,858: INFO/ForkPoolWorker-1] Running stage planning for build pipeline_e9a7b161 (task=b4d8b58e-3056-4e4d-b349-52285e0853e2)
[2026-05-30 08:44:35,864: INFO/ForkPoolWorker-1] Stage planning already done for pipeline_e9a7b161
[2026-05-30 08:44:35,891: INFO/ForkPoolWorker-1] Enqueued planning for build pipeline_e9a7b161 (task=e97b48c4-8490-4f2a-8d7b-acc41cf3f3f1)
[2026-05-30 08:44:35,892: INFO/ForkPoolWorker-1] Build pipeline_e9a7b161 stage planning skipped (already done)
[2026-05-30 08:44:35,893: INFO/ForkPoolWorker-1] Task worker.tasks.run_stage[b4d8b58e-3056-4e4d-b349-52285e0853e2] succeeded in 0.03552664106246084s: {'status': 'ok', 'skipped': True, 'reason': 'already_done', 'stage': 'planning', 'build_id': 'pipeline_e9a7b161'}
[2026-05-30 08:44:35,895: INFO/MainProcess] Task worker.tasks.run_stage[fdaa6a46-e5f8-4dda-93fd-fc9236b4aefa] received
[2026-05-30 08:44:35,897: INFO/ForkPoolWorker-1] Running stage builder for build contention_2c8cda8f (task=fdaa6a46-e5f8-4dda-93fd-fc9236b4aefa)
[2026-05-30 08:44:36,066: INFO/ForkPoolWorker-1] Ignoring late exception for terminal stage/build contention_2c8cda8f/builder
[2026-05-30 08:44:36,067: INFO/ForkPoolWorker-1] Build contention_2c8cda8f stage builder skipped (already done)
[2026-05-30 08:44:36,068: INFO/ForkPoolWorker-1] Task worker.tasks.run_stage[fdaa6a46-e5f8-4dda-93fd-fc9236b4aefa] succeeded in 0.17239516507834196s: {'status': 'ok', 'skipped': True, 'reason': 'already_done', 'stage': 'builder', 'build_id': 'contention_2c8cda8f'}
[2026-05-30 08:44:36,071: INFO/MainProcess] Task worker.tasks.run_stage[d5effb8c-81c6-4b0a-856e-f852e96589b0] received
[2026-05-30 08:44:36,072: INFO/ForkPoolWorker-1] Running stage ranking for build lock_9c0d4577 (task=d5effb8c-81c6-4b0a-856e-f852e96589b0)
[2026-05-30 08:44:52,603: INFO/ForkPoolWorker-3] HTTP Request: POST https://integrate.api.nvidia.com/v1/chat/completions "HTTP/1.1 200 OK"
[2026-05-30 08:45:00,638: INFO/ForkPoolWorker-1] HTTP Request: POST https://integrate.api.nvidia.com/v1/chat/completions "HTTP/1.1 200 OK"
[2026-05-30 08:45:19,539: INFO/ForkPoolWorker-1] HTTP Request: POST https://integrate.api.nvidia.com/v1/chat/completions "HTTP/1.1 200 OK"
[2026-05-30 08:45:19,628: INFO/ForkPoolWorker-1] Enqueued novelty for build lock_9c0d4577 (task=f3f45113-b822-40f1-8b09-5882dd6738e9)
[2026-05-30 08:45:19,631: INFO/ForkPoolWorker-1] Task worker.tasks.run_stage[d5effb8c-81c6-4b0a-856e-f852e96589b0] succeeded in 43.55979698803276s: {'status': 'ok', 'stage': 'ranking', 'build_id': 'lock_9c0d4577', 'progress': {'status': 'running', 'pipeline_status': 'ranking', 'phase': 'ranker', 'message': 'Ranker: Scoring all builds...', 'percent': 70.0, 'timestamp': '2026-05-30T13:45:19.543664+00:00', 'resume_phase': 'ranker', 'can_resume': True}}
[2026-05-30 08:45:19,633: INFO/MainProcess] Task worker.tasks.run_stage[833fa5fe-8219-4103-8bcd-956db7738fab] received
[2026-05-30 08:45:19,635: INFO/ForkPoolWorker-1] Running stage planning for build pipeline_f30dfa64 (task=833fa5fe-8219-4103-8bcd-956db7738fab)
[2026-05-30 08:45:19,641: INFO/ForkPoolWorker-1] Stage planning already done for pipeline_f30dfa64
[2026-05-30 08:45:19,664: INFO/ForkPoolWorker-1] Enqueued planning for build pipeline_f30dfa64 (task=095ce542-45a3-4e8b-8e50-ea5cf7c5b181)
[2026-05-30 08:45:19,665: INFO/ForkPoolWorker-1] Build pipeline_f30dfa64 stage planning skipped (already done)
[2026-05-30 08:45:19,666: INFO/ForkPoolWorker-1] Task worker.tasks.run_stage[833fa5fe-8219-4103-8bcd-956db7738fab] succeeded in 0.03190307307522744s: {'status': 'ok', 'skipped': True, 'reason': 'already_done', 'stage': 'planning', 'build_id': 'pipeline_f30dfa64'}
[2026-05-30 08:45:19,669: INFO/MainProcess] Task worker.tasks.run_stage[42702779-6182-4195-a3e6-4965daf45ab9] received
[2026-05-30 08:45:19,671: INFO/ForkPoolWorker-1] Running stage builder for build rapid_d5b01618 (task=42702779-6182-4195-a3e6-4965daf45ab9)
[2026-05-30 08:45:19,830: INFO/ForkPoolWorker-1] Ignoring late exception for terminal stage/build rapid_d5b01618/builder
[2026-05-30 08:45:19,830: INFO/ForkPoolWorker-1] Build rapid_d5b01618 stage builder skipped (already done)
[2026-05-30 08:45:19,832: INFO/ForkPoolWorker-1] Task worker.tasks.run_stage[42702779-6182-4195-a3e6-4965daf45ab9] succeeded in 0.1622866950929165s: {'status': 'ok', 'skipped': True, 'reason': 'already_done', 'stage': 'builder', 'build_id': 'rapid_d5b01618'}
[2026-05-30 08:45:19,835: INFO/MainProcess] Task worker.tasks.run_stage[274604e4-aec7-44b5-8197-7e05d638e74e] received
[2026-05-30 08:45:19,837: INFO/ForkPoolWorker-1] Running stage ranking for build inc_c5790468 (task=274604e4-aec7-44b5-8197-7e05d638e74e)
[2026-05-30 08:45:21,193: INFO/ForkPoolWorker-3] HTTP Request: POST https://integrate.api.nvidia.com/v1/chat/completions "HTTP/1.1 200 OK"
[2026-05-30 08:45:21,465: INFO/ForkPoolWorker-3] Enqueued novelty for build ckpt_fd624566 (task=55e9af7a-eb5a-45c7-bb91-ebea0e9dd24e)
[2026-05-30 08:45:21,468: INFO/ForkPoolWorker-3] Task worker.tasks.run_stage[060d3097-b494-4a7b-b541-3dbc02b6018f] succeeded in 50.667654143995605s: {'status': 'ok', 'stage': 'ranking', 'build_id': 'ckpt_fd624566', 'progress': {'status': 'running', 'pipeline_status': 'ranking', 'phase': 'ranker', 'message': 'Ranker: Scoring all builds...', 'percent': 70.0, 'timestamp': '2026-05-30T13:45:21.362713+00:00', 'resume_phase': 'ranker', 'can_resume': True}}
[2026-05-30 08:45:21,470: INFO/MainProcess] Task worker.tasks.run_stage[bbe2e994-aa8d-42cb-81b3-c94fc82cd2f4] received
[2026-05-30 08:45:21,472: INFO/ForkPoolWorker-3] Running stage planning for build pipeline_8acd66da (task=bbe2e994-aa8d-42cb-81b3-c94fc82cd2f4)
[2026-05-30 08:45:21,479: INFO/ForkPoolWorker-3] Stage planning already done for pipeline_8acd66da
[2026-05-30 08:45:21,512: INFO/ForkPoolWorker-3] Enqueued planning for build pipeline_8acd66da (task=4acb5980-9237-47bc-896f-86000aaa2640)
[2026-05-30 08:45:21,512: INFO/ForkPoolWorker-3] Build pipeline_8acd66da stage planning skipped (already done)
[2026-05-30 08:45:21,515: INFO/ForkPoolWorker-3] Task worker.tasks.run_stage[bbe2e994-aa8d-42cb-81b3-c94fc82cd2f4] succeeded in 0.043545691994950175s: {'status': 'ok', 'skipped': True, 'reason': 'already_done', 'stage': 'planning', 'build_id': 'pipeline_8acd66da'}
[2026-05-30 08:45:21,519: INFO/MainProcess] Task worker.tasks.run_stage[3570d41f-18b2-4b6e-a34c-b0438874b53b] received
[2026-05-30 08:45:21,521: INFO/ForkPoolWorker-3] Running stage novelty for build skip_707b45f5 (task=3570d41f-18b2-4b6e-a34c-b0438874b53b)
[2026-05-30 08:45:21,776: INFO/ForkPoolWorker-3] Enqueued packaging for build skip_707b45f5 (task=3c5054c6-330f-4ae9-a506-9e4c66ad74c0)
[2026-05-30 08:45:21,779: INFO/ForkPoolWorker-3] Task worker.tasks.run_stage[3570d41f-18b2-4b6e-a34c-b0438874b53b] succeeded in 0.25856279802974313s: {'status': 'ok', 'stage': 'novelty', 'build_id': 'skip_707b45f5', 'progress': {'status': 'running', 'pipeline_status': 'ranking', 'phase': 'novelty', 'message': 'Novelty Builder: Creative iterations...', 'percent': 80.0, 'timestamp': '2026-05-30T13:45:21.687691+00:00', 'resume_phase': 'novelty', 'can_resume': True}}
[2026-05-30 08:45:21,783: INFO/MainProcess] Task worker.tasks.run_stage[6834bbdc-6f56-41fe-9475-9be89a524a10] received
[2026-05-30 08:45:21,785: INFO/ForkPoolWorker-3] Running stage planning for build testfix_22ee3c46 (task=6834bbdc-6f56-41fe-9475-9be89a524a10)
[2026-05-30 08:45:21,791: INFO/ForkPoolWorker-3] Stage planning already done for testfix_22ee3c46
[2026-05-30 08:45:21,820: INFO/ForkPoolWorker-3] Enqueued planning for build testfix_22ee3c46 (task=1e8d8fa8-aaaf-454d-aefb-09f3bae65030)
[2026-05-30 08:45:21,821: INFO/ForkPoolWorker-3] Build testfix_22ee3c46 stage planning skipped (already done)
[2026-05-30 08:45:21,822: INFO/ForkPoolWorker-3] Task worker.tasks.run_stage[6834bbdc-6f56-41fe-9475-9be89a524a10] succeeded in 0.037970216013491154s: {'status': 'ok', 'skipped': True, 'reason': 'already_done', 'stage': 'planning', 'build_id': 'testfix_22ee3c46'}
[2026-05-30 08:45:21,825: INFO/MainProcess] Task worker.tasks.run_stage[f3f45113-b822-40f1-8b09-5882dd6738e9] received
[2026-05-30 08:45:21,827: INFO/ForkPoolWorker-3] Running stage novelty for build lock_9c0d4577 (task=f3f45113-b822-40f1-8b09-5882dd6738e9)
[2026-05-30 08:45:22,109: INFO/ForkPoolWorker-3] Enqueued packaging for build lock_9c0d4577 (task=6ea9ebfb-4214-4413-8870-1d0e54365208)
[2026-05-30 08:45:22,111: INFO/ForkPoolWorker-3] Task worker.tasks.run_stage[f3f45113-b822-40f1-8b09-5882dd6738e9] succeeded in 0.28458342305384576s: {'status': 'ok', 'stage': 'novelty', 'build_id': 'lock_9c0d4577', 'progress': {'status': 'running', 'pipeline_status': 'ranking', 'phase': 'novelty', 'message': 'Novelty Builder: Creative iterations...', 'percent': 80.0, 'timestamp': '2026-05-30T13:45:21.995391+00:00', 'resume_phase': 'novelty', 'can_resume': True}}
[2026-05-30 08:45:22,114: INFO/MainProcess] Task worker.tasks.run_stage[1a55b74e-a363-484c-9b26-31ea9bcd8528] received
[2026-05-30 08:45:22,117: INFO/ForkPoolWorker-3] Running stage planning for build failed_d6078de1 (task=1a55b74e-a363-484c-9b26-31ea9bcd8528)
[2026-05-30 08:45:22,120: INFO/ForkPoolWorker-3] Stage planning already done for failed_d6078de1
[2026-05-30 08:45:22,155: INFO/ForkPoolWorker-3] Enqueued planning for build failed_d6078de1 (task=9a2ac8ef-2a3e-4bf2-be73-b8ccbf4c44a0)
[2026-05-30 08:45:22,157: INFO/ForkPoolWorker-3] Build failed_d6078de1 stage planning skipped (already done)
[2026-05-30 08:45:22,159: INFO/ForkPoolWorker-3] Task worker.tasks.run_stage[1a55b74e-a363-484c-9b26-31ea9bcd8528] succeeded in 0.04387820803094655s: {'status': 'ok', 'skipped': True, 'reason': 'already_done', 'stage': 'planning', 'build_id': 'failed_d6078de1'}
[2026-05-30 08:45:22,163: INFO/MainProcess] Task worker.tasks.run_stage[55e9af7a-eb5a-45c7-bb91-ebea0e9dd24e] received
[2026-05-30 08:45:22,165: INFO/ForkPoolWorker-3] Running stage novelty for build ckpt_fd624566 (task=55e9af7a-eb5a-45c7-bb91-ebea0e9dd24e)
[2026-05-30 08:45:22,469: INFO/ForkPoolWorker-3] Enqueued packaging for build ckpt_fd624566 (task=e4d36e89-5fe4-4725-acf2-883b5445ee58)
[2026-05-30 08:45:22,472: INFO/ForkPoolWorker-3] Task worker.tasks.run_stage[55e9af7a-eb5a-45c7-bb91-ebea0e9dd24e] succeeded in 0.30814680305775255s: {'status': 'ok', 'stage': 'novelty', 'build_id': 'ckpt_fd624566', 'progress': {'status': 'running', 'pipeline_status': 'ranking', 'phase': 'novelty', 'message': 'Novelty Builder: Creative iterations...', 'percent': 80.0, 'timestamp': '2026-05-30T13:45:22.339871+00:00', 'resume_phase': 'novelty', 'can_resume': True}}
[2026-05-30 08:45:22,477: INFO/MainProcess] Task worker.tasks.run_stage[51e307b2-475b-4157-9070-304b64ca106b] received
[2026-05-30 08:45:22,479: INFO/ForkPoolWorker-3] Running stage planning for build recover_0dd4552d (task=51e307b2-475b-4157-9070-304b64ca106b)
[2026-05-30 08:45:22,485: INFO/ForkPoolWorker-3] Stage planning already done for recover_0dd4552d
[2026-05-30 08:45:22,520: INFO/ForkPoolWorker-3] Enqueued planning for build recover_0dd4552d (task=bf45d449-a534-4fa1-aefe-e4627050b143)
[2026-05-30 08:45:22,521: INFO/ForkPoolWorker-3] Build recover_0dd4552d stage planning skipped (already done)
[2026-05-30 08:45:22,523: INFO/ForkPoolWorker-3] Task worker.tasks.run_stage[51e307b2-475b-4157-9070-304b64ca106b] succeeded in 0.04472113691736013s: {'status': 'ok', 'skipped': True, 'reason': 'already_done', 'stage': 'planning', 'build_id': 'recover_0dd4552d'}
[2026-05-30 08:45:22,528: INFO/MainProcess] Task worker.tasks.run_stage[3c5054c6-330f-4ae9-a506-9e4c66ad74c0] received
[2026-05-30 08:45:22,536: INFO/ForkPoolWorker-3] Running stage packaging for build skip_707b45f5 (task=3c5054c6-330f-4ae9-a506-9e4c66ad74c0)
[2026-05-30 08:45:22,707: INFO/ForkPoolWorker-3] Ignoring late exception for terminal stage/build skip_707b45f5/packaging
[2026-05-30 08:45:22,707: INFO/ForkPoolWorker-3] Build skip_707b45f5 stage packaging skipped (already done)
[2026-05-30 08:45:22,709: INFO/ForkPoolWorker-3] Task worker.tasks.run_stage[3c5054c6-330f-4ae9-a506-9e4c66ad74c0] succeeded in 0.1783137150341645s: {'status': 'ok', 'skipped': True, 'reason': 'already_done', 'stage': 'packaging', 'build_id': 'skip_707b45f5'}
[2026-05-30 08:45:22,713: INFO/MainProcess] Task worker.tasks.run_stage[50b405a5-3902-40a9-ac0d-14cf6e063499] received
[2026-05-30 08:45:22,715: INFO/ForkPoolWorker-3] Running stage planning for build fallback_1a766dda (task=50b405a5-3902-40a9-ac0d-14cf6e063499)
[2026-05-30 08:45:22,720: INFO/ForkPoolWorker-3] Stage planning already done for fallback_1a766dda
[2026-05-30 08:45:22,745: INFO/ForkPoolWorker-3] Enqueued planning for build fallback_1a766dda (task=3ed2580c-9997-4dd8-8f68-a323f36f3511)
[2026-05-30 08:45:22,745: INFO/ForkPoolWorker-3] Build fallback_1a766dda stage planning skipped (already done)
[2026-05-30 08:45:22,747: INFO/ForkPoolWorker-3] Task worker.tasks.run_stage[50b405a5-3902-40a9-ac0d-14cf6e063499] succeeded in 0.03328402596525848s: {'status': 'ok', 'skipped': True, 'reason': 'already_done', 'stage': 'planning', 'build_id': 'fallback_1a766dda'}
[2026-05-30 08:45:22,751: INFO/MainProcess] Task worker.tasks.run_stage[6ea9ebfb-4214-4413-8870-1d0e54365208] received
[2026-05-30 08:45:22,753: INFO/ForkPoolWorker-3] Running stage packaging for build lock_9c0d4577 (task=6ea9ebfb-4214-4413-8870-1d0e54365208)
[2026-05-30 08:45:22,946: INFO/ForkPoolWorker-3] Ignoring late exception for terminal stage/build lock_9c0d4577/packaging
[2026-05-30 08:45:22,947: INFO/ForkPoolWorker-3] Build lock_9c0d4577 stage packaging skipped (already done)
[2026-05-30 08:45:22,951: INFO/ForkPoolWorker-3] Task worker.tasks.run_stage[6ea9ebfb-4214-4413-8870-1d0e54365208] succeeded in 0.19910016597714275s: {'status': 'ok', 'skipped': True, 'reason': 'already_done', 'stage': 'packaging', 'build_id': 'lock_9c0d4577'}
[2026-05-30 08:45:22,954: INFO/MainProcess] Task worker.tasks.run_stage[707d2238-b18b-4432-a448-e3860aca53cd] received
[2026-05-30 08:45:22,957: INFO/ForkPoolWorker-3] Running stage planning for build late_47b5adf7 (task=707d2238-b18b-4432-a448-e3860aca53cd)
[2026-05-30 08:45:22,963: INFO/ForkPoolWorker-3] Stage planning already done for late_47b5adf7
[2026-05-30 08:45:22,993: INFO/ForkPoolWorker-3] Enqueued planning for build late_47b5adf7 (task=e06239cf-3219-4d0c-8666-031a13b9c8b0)
[2026-05-30 08:45:22,993: INFO/ForkPoolWorker-3] Build late_47b5adf7 stage planning skipped (already done)
[2026-05-30 08:45:22,996: INFO/ForkPoolWorker-3] Task worker.tasks.run_stage[707d2238-b18b-4432-a448-e3860aca53cd] succeeded in 0.0408918890170753s: {'status': 'ok', 'skipped': True, 'reason': 'already_done', 'stage': 'planning', 'build_id': 'late_47b5adf7'}
[2026-05-30 08:45:22,999: INFO/MainProcess] Task worker.tasks.run_stage[e4d36e89-5fe4-4725-acf2-883b5445ee58] received
[2026-05-30 08:45:23,002: INFO/ForkPoolWorker-3] Running stage packaging for build ckpt_fd624566 (task=e4d36e89-5fe4-4725-acf2-883b5445ee58)
[2026-05-30 08:45:23,003: INFO/ForkPoolWorker-2] HTTP Request: POST https://openrouter.ai/api/v1/chat/completions "HTTP/1.1 429 Too Many Requests"
[2026-05-30 08:45:23,173: INFO/ForkPoolWorker-3] Ignoring late exception for terminal stage/build ckpt_fd624566/packaging
[2026-05-30 08:45:23,174: INFO/ForkPoolWorker-3] Build ckpt_fd624566 stage packaging skipped (already done)
[2026-05-30 08:45:23,177: INFO/ForkPoolWorker-3] Task worker.tasks.run_stage[e4d36e89-5fe4-4725-acf2-883b5445ee58] succeeded in 0.17689339304342866s: {'status': 'ok', 'skipped': True, 'reason': 'already_done', 'stage': 'packaging', 'build_id': 'ckpt_fd624566'}
[2026-05-30 08:45:23,181: INFO/MainProcess] Task worker.tasks.run_stage[b70c3b68-41af-4f89-ab71-b2c1c22b8701] received
[2026-05-30 08:45:23,187: INFO/ForkPoolWorker-3] Running stage planning for build failed_c83a3f42 (task=b70c3b68-41af-4f89-ab71-b2c1c22b8701)
[2026-05-30 08:45:23,191: INFO/ForkPoolWorker-3] Stage planning already done for failed_c83a3f42
[2026-05-30 08:45:23,221: INFO/ForkPoolWorker-3] Enqueued planning for build failed_c83a3f42 (task=bc8a1550-9aa4-4d08-a741-4c6d6ea02bab)
[2026-05-30 08:45:23,221: INFO/ForkPoolWorker-3] Build failed_c83a3f42 stage planning skipped (already done)
[2026-05-30 08:45:23,223: INFO/ForkPoolWorker-3] Task worker.tasks.run_stage[b70c3b68-41af-4f89-ab71-b2c1c22b8701] succeeded in 0.03721639991272241s: {'status': 'ok', 'skipped': True, 'reason': 'already_done', 'stage': 'planning', 'build_id': 'failed_c83a3f42'}
[2026-05-30 08:45:23,226: INFO/MainProcess] Task worker.tasks.run_stage[ad1c43c3-fc6c-45f5-839d-e359e5129dce] received
[2026-05-30 08:45:23,229: INFO/ForkPoolWorker-3] Running stage planning for build recover_6ffc78a0 (task=ad1c43c3-fc6c-45f5-839d-e359e5129dce)
[2026-05-30 08:45:23,236: INFO/ForkPoolWorker-3] Stage planning already done for recover_6ffc78a0
[2026-05-30 08:45:23,264: INFO/ForkPoolWorker-3] Enqueued planning for build recover_6ffc78a0 (task=7410c811-5540-4353-93d7-518ac9c225f1)
[2026-05-30 08:45:23,265: INFO/ForkPoolWorker-3] Build recover_6ffc78a0 stage planning skipped (already done)
[2026-05-30 08:45:23,268: INFO/ForkPoolWorker-3] Task worker.tasks.run_stage[ad1c43c3-fc6c-45f5-839d-e359e5129dce] succeeded in 0.03999797394499183s: {'status': 'ok', 'skipped': True, 'reason': 'already_done', 'stage': 'planning', 'build_id': 'recover_6ffc78a0'}
[2026-05-30 08:45:23,270: INFO/MainProcess] Task worker.tasks.run_stage[3e455395-202b-4615-aefb-a80d6261e6d5] received
[2026-05-30 08:45:23,272: INFO/ForkPoolWorker-3] Running stage planning for build fallback_5b84a726 (task=3e455395-202b-4615-aefb-a80d6261e6d5)
[2026-05-30 08:45:23,276: INFO/ForkPoolWorker-3] Stage planning already done for fallback_5b84a726
[2026-05-30 08:45:23,310: INFO/ForkPoolWorker-3] Enqueued planning for build fallback_5b84a726 (task=1377442c-a2b6-48b4-a4c6-cd5b4a3d9c62)
[2026-05-30 08:45:23,310: INFO/ForkPoolWorker-3] Build fallback_5b84a726 stage planning skipped (already done)
[2026-05-30 08:45:23,312: INFO/ForkPoolWorker-3] Task worker.tasks.run_stage[3e455395-202b-4615-aefb-a80d6261e6d5] succeeded in 0.040617184014990926s: {'status': 'ok', 'skipped': True, 'reason': 'already_done', 'stage': 'planning', 'build_id': 'fallback_5b84a726'}
[2026-05-30 08:45:23,316: INFO/MainProcess] Task worker.tasks.run_stage[e2f20a64-0dcd-4e4d-879b-cf4253b5d60d] received
[2026-05-30 08:45:23,318: INFO/ForkPoolWorker-3] Running stage planning for build late_dac54cee (task=e2f20a64-0dcd-4e4d-879b-cf4253b5d60d)
[2026-05-30 08:45:23,323: INFO/ForkPoolWorker-3] Stage planning already done for late_dac54cee
[2026-05-30 08:45:23,356: INFO/ForkPoolWorker-3] Enqueued planning for build late_dac54cee (task=dcd347e8-d89e-4a35-8069-6618c9248ae6)
[2026-05-30 08:45:23,357: INFO/ForkPoolWorker-3] Build late_dac54cee stage planning skipped (already done)
[2026-05-30 08:45:23,361: INFO/ForkPoolWorker-3] Task worker.tasks.run_stage[e2f20a64-0dcd-4e4d-879b-cf4253b5d60d] succeeded in 0.04387693002354354s: {'status': 'ok', 'skipped': True, 'reason': 'already_done', 'stage': 'planning', 'build_id': 'late_dac54cee'}
[2026-05-30 08:45:23,369: INFO/MainProcess] Task worker.tasks.run_stage[5105e852-8530-464e-a7ca-e2325e940a4e] received
[2026-05-30 08:45:23,373: INFO/ForkPoolWorker-3] Running stage planning for build testpatch_60cfbe80 (task=5105e852-8530-464e-a7ca-e2325e940a4e)
[2026-05-30 08:45:23,379: INFO/ForkPoolWorker-3] Stage planning already done for testpatch_60cfbe80
[2026-05-30 08:45:23,415: INFO/ForkPoolWorker-3] Enqueued planning for build testpatch_60cfbe80 (task=83a698b1-7ff4-492d-aa86-9120dd16b6e7)
[2026-05-30 08:45:23,415: INFO/ForkPoolWorker-3] Build testpatch_60cfbe80 stage planning skipped (already done)
[2026-05-30 08:45:23,417: INFO/ForkPoolWorker-3] Task worker.tasks.run_stage[5105e852-8530-464e-a7ca-e2325e940a4e] succeeded in 0.047015800955705345s: {'status': 'ok', 'skipped': True, 'reason': 'already_done', 'stage': 'planning', 'build_id': 'testpatch_60cfbe80'}
[2026-05-30 08:45:23,421: INFO/MainProcess] Task worker.tasks.run_stage[92c6613d-99dc-40cd-b710-e55ca6375d15] received
[2026-05-30 08:45:23,424: INFO/ForkPoolWorker-3] Running stage planning for build testpatch_b8f9f2cd (task=92c6613d-99dc-40cd-b710-e55ca6375d15)
[2026-05-30 08:45:23,433: INFO/ForkPoolWorker-3] Stage planning already done for testpatch_b8f9f2cd
[2026-05-30 08:45:23,478: INFO/ForkPoolWorker-3] Enqueued planning for build testpatch_b8f9f2cd (task=04ec1eb4-5cdf-4c5f-b8c1-a2bdbea55913)
[2026-05-30 08:45:23,479: INFO/ForkPoolWorker-3] Build testpatch_b8f9f2cd stage planning skipped (already done)
[2026-05-30 08:45:23,488: INFO/ForkPoolWorker-3] Task worker.tasks.run_stage[92c6613d-99dc-40cd-b710-e55ca6375d15] succeeded in 0.06600912509020418s: {'status': 'ok', 'skipped': True, 'reason': 'already_done', 'stage': 'planning', 'build_id': 'testpatch_b8f9f2cd'}
[2026-05-30 08:45:23,499: INFO/MainProcess] Task worker.tasks.run_stage[3fff2f8c-6723-4c4a-b2a8-b0174f5e35d3] received
[2026-05-30 08:45:23,502: INFO/ForkPoolWorker-3] Running stage planning for build failed_77695127 (task=3fff2f8c-6723-4c4a-b2a8-b0174f5e35d3)
[2026-05-30 08:45:23,507: INFO/ForkPoolWorker-3] Stage planning already done for failed_77695127
[2026-05-30 08:45:23,548: INFO/ForkPoolWorker-3] Enqueued planning for build failed_77695127 (task=67fc0890-6657-4ab4-81fc-7a6457588101)
[2026-05-30 08:45:23,548: INFO/ForkPoolWorker-3] Build failed_77695127 stage planning skipped (already done)
[2026-05-30 08:45:23,550: INFO/ForkPoolWorker-3] Task worker.tasks.run_stage[3fff2f8c-6723-4c4a-b2a8-b0174f5e35d3] succeeded in 0.048742392915301025s: {'status': 'ok', 'skipped': True, 'reason': 'already_done', 'stage': 'planning', 'build_id': 'failed_77695127'}
[2026-05-30 08:45:23,554: INFO/MainProcess] Task worker.tasks.run_stage[6c8eecf4-ca59-4870-bb97-344362557ae0] received
[2026-05-30 08:45:23,557: INFO/ForkPoolWorker-3] Running stage planning for build recover_e416b390 (task=6c8eecf4-ca59-4870-bb97-344362557ae0)
[2026-05-30 08:45:23,569: INFO/ForkPoolWorker-3] Stage planning already done for recover_e416b390
[2026-05-30 08:45:23,604: INFO/ForkPoolWorker-3] Enqueued planning for build recover_e416b390 (task=0b702fd1-73a0-4f9a-bc79-4d15daae9ce1)
[2026-05-30 08:45:23,605: INFO/ForkPoolWorker-3] Build recover_e416b390 stage planning skipped (already done)
[2026-05-30 08:45:23,606: INFO/ForkPoolWorker-3] Task worker.tasks.run_stage[6c8eecf4-ca59-4870-bb97-344362557ae0] succeeded in 0.051093128975480795s: {'status': 'ok', 'skipped': True, 'reason': 'already_done', 'stage': 'planning', 'build_id': 'recover_e416b390'}
[2026-05-30 08:45:23,610: INFO/MainProcess] Task worker.tasks.run_stage[bec78488-9de7-407e-b60a-dac11bbe9c32] received
[2026-05-30 08:45:23,614: INFO/ForkPoolWorker-3] Running stage planning for build late_ae8d430b (task=bec78488-9de7-407e-b60a-dac11bbe9c32)
[2026-05-30 08:45:23,621: INFO/ForkPoolWorker-3] Stage planning already done for late_ae8d430b
[2026-05-30 08:45:23,649: INFO/ForkPoolWorker-3] Enqueued planning for build late_ae8d430b (task=89bbea4e-9624-4bbe-8c31-801e6b916040)
[2026-05-30 08:45:23,650: INFO/ForkPoolWorker-3] Build late_ae8d430b stage planning skipped (already done)
[2026-05-30 08:45:23,653: INFO/ForkPoolWorker-3] Task worker.tasks.run_stage[bec78488-9de7-407e-b60a-dac11bbe9c32] succeeded in 0.0412719160085544s: {'status': 'ok', 'skipped': True, 'reason': 'already_done', 'stage': 'planning', 'build_id': 'late_ae8d430b'}
[2026-05-30 08:45:23,656: INFO/MainProcess] Task worker.tasks.run_stage[2c4b6f4d-5254-4d56-9ca7-e15d3aaffe20] received
[2026-05-30 08:45:23,658: INFO/ForkPoolWorker-3] Running stage planning for build late_e51939f1 (task=2c4b6f4d-5254-4d56-9ca7-e15d3aaffe20)
[2026-05-30 08:45:23,664: INFO/ForkPoolWorker-3] Stage planning already done for late_e51939f1
[2026-05-30 08:45:23,692: INFO/ForkPoolWorker-3] Enqueued planning for build late_e51939f1 (task=0ecfb832-c9e4-419f-bcb7-2b0278c5d959)
[2026-05-30 08:45:23,692: INFO/ForkPoolWorker-3] Build late_e51939f1 stage planning skipped (already done)
[2026-05-30 08:45:23,694: INFO/ForkPoolWorker-3] Task worker.tasks.run_stage[2c4b6f4d-5254-4d56-9ca7-e15d3aaffe20] succeeded in 0.03718183096498251s: {'status': 'ok', 'skipped': True, 'reason': 'already_done', 'stage': 'planning', 'build_id': 'late_e51939f1'}
[2026-05-30 08:45:23,702: INFO/MainProcess] Task worker.tasks.run_stage[0218a7f5-455c-475d-acb6-61f403642136] received
[2026-05-30 08:45:23,704: INFO/ForkPoolWorker-3] Running stage planning for build lock_55fb910e (task=0218a7f5-455c-475d-acb6-61f403642136)
